// Vitest Snapshot v1, https://vitest.dev/guide/snapshot.html

exports[`Partial ranking 1`] = `
[
  1.6666666666666665,
  2.5,
  0.8333333333333333,
  0,
]
`;

exports[`getScores 1`] = `
[
  1.6666666666666667,
  1.6666666666666667,
  0.6666666666666666,
  0,
]
`;

exports[`getScores 2`] = `
[
  1.6666666666666667,
  1.6666666666666667,
  0.6666666666666666,
  0,
]
`;

exports[`getScores 3`] = `
[
  5,
  5,
  2,
  0,
]
`;

exports[`getScores 4`] = `
[
  5,
  5,
  2,
  0,
]
`;

exports[`getScores with 0 votes 1`] = `
[
  0,
  0,
  0,
]
`;

exports[`getScores with mixed voting powers 1`] = `
[
  668334.3333333333,
  334167.1666666666,
  0,
]
`;

exports[`getScoresByStrategy 1`] = `
[
  [
    1.6666666666666667,
  ],
  [
    1.6666666666666667,
  ],
  [
    0.6666666666666666,
  ],
  [
    0,
  ],
]
`;

exports[`getScoresByStrategy 2`] = `
[
  [
    1.6666666666666667,
  ],
  [
    1.6666666666666667,
  ],
  [
    0.6666666666666666,
  ],
  [
    0,
  ],
]
`;

exports[`getScoresByStrategy 3`] = `
[
  [
    1.6666666666666667,
    1.6666666666666667,
    1.6666666666666667,
  ],
  [
    1.6666666666666667,
    1.6666666666666667,
    1.6666666666666667,
  ],
  [
    0.6666666666666666,
    0.6666666666666666,
    0.6666666666666666,
  ],
  [
    0,
    0,
    0,
  ],
]
`;

exports[`getScoresByStrategy 4`] = `
[
  [
    1.6666666666666667,
    1.6666666666666667,
    1.6666666666666667,
  ],
  [
    1.6666666666666667,
    1.6666666666666667,
    1.6666666666666667,
  ],
  [
    0.6666666666666666,
    0.6666666666666666,
    0.6666666666666666,
  ],
  [
    0,
    0,
    0,
  ],
]
`;

exports[`getScoresByStrategy normalizes correctly 1`] = `
[
  [
    7.5,
    22.5,
  ],
  [
    7.5,
    22.5,
  ],
  [
    7.5,
    22.5,
  ],
]
`;

exports[`getScoresTotal 1`] = `4`;

exports[`getScoresTotal 2`] = `12`;
